src/components/inventory/inventory-header.tsx(64,30): error TS2304: Cannot find name 'GoodsReceiptForm'.
